// Jest Snapshot v1, https://goo.gl/fbAQLP

exports[`popup vaild id 1`] = `"<div><table><tr><th>a</th><th>a</th></tr><tr><th>b</th><th>1</th></tr></table><button>Turn OFF</button></div>"`;
